&&&& RUNNING TensorRT.trtexec [TensorRT v101602] [b10] # trtexec --onnx=src/robot/config/yolo_model/best.onnx --saveEngine=src/robot/config/yolo_model/best.engine --fp16
[07/21/2026-14:47:44] [W] Weakly-typed networks have been deprecated in TensorRT. You can use the AutoCast tool (https://nvidia.github.io/TensorRT-Model-Optimizer/guides/8_autocast.html) to convert the network to be strongly typed.
[07/21/2026-14:47:44] [I] === Model Options ===
[07/21/2026-14:47:44] [I] Format: ONNX
[07/21/2026-14:47:44] [I] Model: src/robot/config/yolo_model/best.onnx
[07/21/2026-14:47:44] [I] Output:
[07/21/2026-14:47:44] [I] === Build Options ===
[07/21/2026-14:47:44] [I] Memory Pools: workspace: default, dlaSRAM: default, dlaLocalDRAM: default, dlaGlobalDRAM: default, tacticSharedMem: default
[07/21/2026-14:47:44] [I] avgTiming: 8
[07/21/2026-14:47:44] [I] Precision: FP32+FP16
[07/21/2026-14:47:44] [I] LayerPrecisions: 
[07/21/2026-14:47:44] [I] Layer Device Types: 
[07/21/2026-14:47:44] [I] Decomposable Attentions: 
[07/21/2026-14:47:44] [I] Calibration: 
[07/21/2026-14:47:44] [I] Refit: Disabled
[07/21/2026-14:47:44] [I] Strip weights: Disabled
[07/21/2026-14:47:44] [I] Version Compatible: Disabled
[07/21/2026-14:47:44] [I] ONNX Plugin InstanceNorm: Disabled
[07/21/2026-14:47:44] [I] ONNX kENABLE_UINT8_AND_ASYMMETRIC_QUANTIZATION_DLA flag: Disabled
[07/21/2026-14:47:44] [I] ONNX kREPORT_CAPABILITY_DLA flag: Disabled
[07/21/2026-14:47:44] [I] ONNX kADJUST_FOR_DLA flag: Disabled
[07/21/2026-14:47:44] [I] ONNX kENABLE_PLUGIN_OVERRIDE flag: Disabled
[07/21/2026-14:47:44] [I] TensorRT runtime: full
[07/21/2026-14:47:44] [I] Lean DLL Path: 
[07/21/2026-14:47:44] [I] Tempfile Controls: { in_memory: allow, temporary: allow }
[07/21/2026-14:47:44] [I] Exclude Lean Runtime: Disabled
[07/21/2026-14:47:44] [I] Sparsity: Disabled
[07/21/2026-14:47:44] [I] Safe mode: Disabled
[07/21/2026-14:47:44] [I] Build DLA standalone loadable: Disabled
[07/21/2026-14:47:44] [I] Allow GPU fallback for DLA: Disabled
[07/21/2026-14:47:44] [I] DirectIO mode: Disabled
[07/21/2026-14:47:44] [I] Restricted mode: Disabled
[07/21/2026-14:47:44] [I] Skip inference: Disabled
[07/21/2026-14:47:44] [I] Save engine: src/robot/config/yolo_model/best.engine
[07/21/2026-14:47:44] [I] Load engine: 
[07/21/2026-14:47:44] [I] Profiling verbosity: 0
[07/21/2026-14:47:44] [I] Tactic sources: Using default tactic sources
[07/21/2026-14:47:44] [I] timingCacheMode: local
[07/21/2026-14:47:44] [I] timingCacheFile: 
[07/21/2026-14:47:44] [I] Enable Compilation Cache: Enabled
[07/21/2026-14:47:44] [I] Enable Monitor Memory: Disabled
[07/21/2026-14:47:44] [I] CPU Only Mode: Disabled
[07/21/2026-14:47:44] [I] errorOnTimingCacheMiss: Disabled
[07/21/2026-14:47:44] [I] Preview Features: Use default preview flags.
[07/21/2026-14:47:44] [I] MaxAuxStreams: -1
[07/21/2026-14:47:44] [I] BuilderOptimizationLevel: -1
[07/21/2026-14:47:44] [I] MaxTactics: -1
[07/21/2026-14:47:44] [I] Calibration Profile Index: 0
[07/21/2026-14:47:44] [I] Weight Streaming: Disabled
[07/21/2026-14:47:44] [I] Runtime Platform: Same As Build
[07/21/2026-14:47:44] [I] Debug Tensors: 
[07/21/2026-14:47:44] [I] Distributive Independence: Disabled
[07/21/2026-14:47:44] [I] Mark Unfused Tensors As Debug Tensors: Disabled
[07/21/2026-14:47:44] [I] Input(s)s format: fp32:CHW
[07/21/2026-14:47:44] [I] Output(s)s format: fp32:CHW
[07/21/2026-14:47:44] [I] Input build shapes: model
[07/21/2026-14:47:44] [I] Input calibration shapes: model
[07/21/2026-14:47:44] [I] === System Options ===
[07/21/2026-14:47:44] [I] Device: 0
[07/21/2026-14:47:44] [I] DLACore: 
[07/21/2026-14:47:44] [I] Loaded static plugins:
[07/21/2026-14:47:44] [I] setPluginsToSerialize:
[07/21/2026-14:47:44] [I] dynamicPlugins:
[07/21/2026-14:47:44] [I] ignoreParsedPluginLibs: 0
[07/21/2026-14:47:44] [I] 
[07/21/2026-14:47:44] [I] === Inference Options ===
[07/21/2026-14:47:44] [I] Batch: Explicit
[07/21/2026-14:47:44] [I] Input inference shapes: model
[07/21/2026-14:47:44] [I] Iterations: 10
[07/21/2026-14:47:44] [I] Duration: 3s (+ 200ms warm up)
[07/21/2026-14:47:44] [I] Sleep time: 0ms
[07/21/2026-14:47:44] [I] Idle time: 0ms
[07/21/2026-14:47:44] [I] Inference Streams: 1
[07/21/2026-14:47:44] [I] ExposeDMA: Disabled
[07/21/2026-14:47:44] [I] Data transfers: Enabled
[07/21/2026-14:47:44] [I] Spin-wait: Disabled
[07/21/2026-14:47:44] [I] Multithreading: Disabled
[07/21/2026-14:47:44] [I] CUDA Graph: Disabled
[07/21/2026-14:47:44] [I] Separate profiling: Disabled
[07/21/2026-14:47:44] [I] Time Deserialize: Disabled
[07/21/2026-14:47:44] [I] Time Refit: Disabled
[07/21/2026-14:47:44] [I] NVTX verbosity: 0
[07/21/2026-14:47:44] [I] Persistent Cache Ratio: 0
[07/21/2026-14:47:44] [I] Optimization Profile Index: 0
[07/21/2026-14:47:44] [I] Weight Streaming Budget: 100.000000%
[07/21/2026-14:47:44] [I] Inputs:
[07/21/2026-14:47:44] [I] Debug Tensor Save Destinations:
[07/21/2026-14:47:44] [I] Dump All Debug Tensor in Formats: 
[07/21/2026-14:47:44] [I] === Reporting Options ===
[07/21/2026-14:47:44] [I] Verbose: Disabled
[07/21/2026-14:47:44] [I] Averages: 10 inferences
[07/21/2026-14:47:44] [I] Percentiles: 90,95,99
[07/21/2026-14:47:44] [I] Dump refittable layers:Disabled
[07/21/2026-14:47:44] [I] Dump output: Disabled
[07/21/2026-14:47:44] [I] Profile: Disabled
[07/21/2026-14:47:44] [I] Export timing to JSON file: 
[07/21/2026-14:47:44] [I] Export output to JSON file: 
[07/21/2026-14:47:44] [I] Export profile to JSON file: 
[07/21/2026-14:47:44] [I] 
[07/21/2026-14:47:44] [I] === Device Information ===
[07/21/2026-14:47:44] [I] Available Devices: 
[07/21/2026-14:47:44] [I]   Device 0: "Orin" UUID: GPU-f80992e5-cfd4-5966-ae01-bb5e22878445
[07/21/2026-14:47:44] [I] Selected Device: Orin
[07/21/2026-14:47:44] [I] Selected Device ID: 0
[07/21/2026-14:47:44] [I] Selected Device UUID: GPU-f80992e5-cfd4-5966-ae01-bb5e22878445
[07/21/2026-14:47:44] [I] Compute Capability: 8.7
[07/21/2026-14:47:44] [I] SMs: 8
[07/21/2026-14:47:44] [I] Device Global Memory: 7546 MiB
[07/21/2026-14:47:44] [I] Shared Memory per SM: 164 KiB
[07/21/2026-14:47:44] [I] Memory Bus Width: 128 bits (ECC disabled)
[07/21/2026-14:47:44] [I] Application Compute Clock Rate: 1.02 GHz
[07/21/2026-14:47:44] [I] Application Memory Clock Rate: 1.02 GHz
[07/21/2026-14:47:44] [I] 
[07/21/2026-14:47:44] [I] Note: The application clock rates do not reflect the actual clock rates that the GPU is currently running at.
[07/21/2026-14:47:44] [I] 
[07/21/2026-14:47:44] [I] TensorRT version: 10.16.2
[07/21/2026-14:47:44] [I] Loading standard plugins
[07/21/2026-14:47:45] [I] [TRT] [MemUsageChange] Init CUDA: CPU +1, GPU +0, now: CPU 24, GPU 4578 (MiB)
[07/21/2026-14:47:45] [I] Start parsing network model.
[07/21/2026-14:47:45] [I] [TRT] ----------------------------------------------------------------
[07/21/2026-14:47:45] [I] [TRT] Input filename:   src/robot/config/yolo_model/best.onnx
[07/21/2026-14:47:45] [I] [TRT] ONNX IR version:  0.0.8
[07/21/2026-14:47:45] [I] [TRT] Opset version:    17
[07/21/2026-14:47:45] [I] [TRT] Producer name:    pytorch
[07/21/2026-14:47:45] [I] [TRT] Producer version: 2.2.2
[07/21/2026-14:47:45] [I] [TRT] Domain:           
[07/21/2026-14:47:45] [I] [TRT] Model version:    0
[07/21/2026-14:47:45] [I] [TRT] Doc string:       
[07/21/2026-14:47:45] [I] [TRT] ----------------------------------------------------------------
[07/21/2026-14:47:45] [I] Finished parsing network model. Parse time: 0.0791385
[07/21/2026-14:47:46] [I] [TRT] [MemUsageChange] Init builder kernel library: CPU +198, GPU +145, now: CPU 517, GPU 4852 (MiB)
[07/21/2026-14:47:46] [I] [TRT] Local timing cache in use. Profiling results in this builder pass will not be stored.
